[praktio.com/index.html]
[backblue.gif]
[fade.gif]
[index.html]
[praktio.com/cdn/shop/t/35/assets/styles80f5.css]
[praktio.com/cdn/shop/files/Favicon_32px_White_BG_32x321ed2.png]
[praktio.com/cdn/shop/t/35/assets/appb614.js]
[praktio.com/pages/privacy-policy.html]
[praktio.com/OPR/index.html]
[js.hs-scripts.com/5653847.js]
[cdn.shopify.com/s/files/1/0400/7125/files/Praktio_Logo_Praktio_Only_whitedab8.png]
[praktio.com/cart.html]
[praktio.com/pages/elearning.html]
[praktio.com/products/workshops.html]
[praktio.com/pages/training-for-first-years.html]
[praktio.com/pages/summer-associates.html]
[praktio.com/pages/staff.html]
[praktio.com/pages/business-roles.html]
[praktio.com/pages/procurement.html]
[praktio.com/pages/contract-managers.html]
[praktio.com/pages/about-us.html]
[praktio.com/blogs/resources/beyond-traditional-learning-how-goodwin-is-preparing-associates-for-the-genai-era.html]
[cdn.shopify.com/s/files/1/0400/7125/files/Praktio_Logo_Whitecca5.png]
[praktio.com/pages/contact-us.html]
[cdn.shopify.com/s/files/1/0400/7125/files/Praktio_Correct_Badge8aa3.png]
[cdn.shopify.com/s/files/1/0400/7125/files/Home_Screen_Laptop_Renderingc8b8.png]
[cdn.shopify.com/s/files/1/0400/7125/files/home_summerTraining0c81.png]
[cdn.shopify.com/s/files/1/0400/7125/files/Praktio_-_Screenshot_for_Homepage_EL_Feature_Graphicf4e4.png]
[cdn.shopify.com/s/files/1/0400/7125/files/homeArticleBand_elearning_tinycdd3.png]
[cdn.shopify.com/s/files/1/0400/7125/files/Workshops_9620c305-7568-4f05-97c5-7c1f1bd8b5f48b06.png]
[cdn.shopify.com/s/files/1/0400/7125/files/Skadden-logofb62.png]
[cdn.shopify.com/s/files/1/0400/7125/files/Cooley-logo70a9.png]
[cdn.shopify.com/s/files/1/0400/7125/files/Cleary_Gottlieb-logo925c.png]
[cdn.shopify.com/s/files/1/0400/7125/files/Pillsbury-logo920f.png]
[cdn.shopify.com/s/files/1/0400/7125/files/Faegre-logowhite54d0.png]
[cdn.shopify.com/s/files/1/0400/7125/files/glaxosmithkline-logo-black-and-white2215.png]
[cdn.shopify.com/s/files/1/0400/7125/files/SkySpecs_logo_icon_1f5cb2e6-3ea7-474b-9328-4cdad7a30b1689cd.png]
[cdn.shopify.com/s/files/1/0400/7125/files/Marmon_logo2ca1d.png]
[cdn.shopify.com/s/files/1/0400/7125/files/Ontra_Horizontal_LightBkg80b9.png]
[praktio.com/pages/opportunities.html]
[praktio.com/pages/terms-of-service.html]
[praktio.com/services/javascripts/currencies.js]
[praktio.com/cdn/shop/t/35/assets/jquery.currencies.mind05e.js]
[snap.licdn.com/li.lms-analytics/insight.min.js]
[praktio.com/index.html]
[praktio.com/cdn/shop/files/checked-light.png]
[praktio.com/cdn/shop/t/35/assets/h/cdn/shop/files/star-black-shape-in-a-circle-outline-favourite-interface-symbol_2.png]
[praktio.com/cdn/shop/t/13/assets/select31b9.png]
[praktio.com/cdn/shop/t/13/assets/loader9660.gif]
[praktio.com/cdn/shop/t/13/assets/blank0356.gif]
[praktio.com/cdn/shop/t/35/assets/ootsb8366.eot]
[praktio.com/cdn/shop/t/35/assets/ootsb1c0d.ttf]
[praktio.com/cdn/shop/t/35/assets/ootsb1fa8.woff]
[praktio.com/cdn/shop/t/35/assets/ootsb784f.svg]
[praktio.com/cdn/shop/files/Praktio_Correct_Badge1edd.png]
[praktio.com/cdn/shop/files/unnamed_011dde70-faa4-4c0f-9f27-521f74b03557.jpg]
[praktio.com/cdn/shop/files/MH_headshotc8bf.png]
[praktio.com/cdn/shop/files/Jennifer_Broxmeyer.jpg]
[praktio.com/cdn/shop/files/0e6b2.jpg]
[praktio.com/cdn/shop/files/0_1fc19.jpg]
[praktio.com/cdn/shop/files/Characters_C3_Gleeful_copy561c.png]
[praktio.com/cdn/shop/files/Characters_C2_Gleeful_copy83d0.png]
[praktio.com/cdn/shop/files/Purple_Arrow_2x_ce756d85-327d-4723-a159-559b6e09961cea1d.png]
[praktio.com/cdn/shop/files/Bloom_Headshot_Gray-cropped877e.png]
[praktio.com/cdn/shop/files/Jim-tight-crop3017.png]
[praktio.com/cdn/shop/files/Murphy_Shannon_CHI_Color_Cropped_d682c9ef-d786-45b7-9e58-334bb5a07f844ad0.jpg]
[praktio.com/cdn/shop/files/Anthony_Headshot-tightcrop1c24.png]
[praktio.com/cdn/shop/files/twotone_account_circle_black_48dpb847.png]
[praktio.com/cdn/shop/files/blob_75fbbbb3-cf9a-4e7c-af9a-7625e831268040dc.png]
[praktio.com/cdn/shop/t/35/assets/styles80f5.css]
[praktio.com/pages/OPR/index.html]
[praktio.com/pages/privacy-policy.html]
[praktio.com/OPR/index.html]
[www.googletagmanager.com/gtm5445.html]
[praktio.com/cart.html]
[praktio.com/cdn/shop/t/35/assets/elearning9e51.js]
[cdn.shopify.com/s/files/1/0400/7125/files/Screen_Shot_2022-08-15_at_11.33.09_AMd5c5.png]
[praktio.com/blogs/resources/how-to-get-first-years-engaged-with-e-learning.html]
[cdn.shopify.com/s/files/1/0400/7125/files/outline_phone_in_talk_white_48dp9c0f.png]
[praktio.com/pages/elearning.html]
[praktio.com/cdn/shop/t/35/assets/workshop251e.js]
[praktio.com/products/OPR/index.html]
[cdn.shopify.com/s/files/1/0400/7125/files/LI-In-Bug7442.png]
[cdn.shopify.com/s/files/1/0400/7125/files/baseline_picture_as_pdf_black_24dp71f5.png]
[praktio.com/products/closing-checklists.html]
[praktio.com/cdn/shop/products/PraktioIcons_Workshops_White_300x1a73.png]
[praktio.com/cdn/shop/files/ClosingChecklist_white_2048x74ff.png]
[praktio.com/products/confidentiality-agreements.html]
[praktio.com/cdn/shop/products/PraktioIcons_ConfidentialityAgreements_White_2048xfe5e.png]
[praktio.com/products/contract-fundamentals.html]
[praktio.com/cdn/shop/products/Praktio_Icons_Contract_Fundamentals_White_25d8c754-92cf-4e7a-b8e9-bf34fae3bc73_2048xe329.png]
[praktio.com/products/disclosure-schedules.html]
[praktio.com/cdn/shop/products/PraktioIcons_DisclosureSchedules_White_1e708d16-72c6-466a-968e-4815003ebdae_2048x62d8.png]
[praktio.com/products/doing-due-diligence.html]
[praktio.com/cdn/shop/products/PraktioIcons_Diligence_White_2048xde99.png]
[praktio.com/products/force-majeure.html]
[praktio.com/cdn/shop/products/ForceMajeure_2048x621c.png]
[praktio.com/products/organize-better-briefs.html]
[praktio.com/cdn/shop/products/PraktioIcons_OrganizingBetterBriefs_WhiteonBlue_2048xd33d.png]
[praktio.com/products/precision-training-litigation.html]
[praktio.com/cdn/shop/products/Praktio_Icons_Proofreading_Games_White_1_2048x9ff2.png]
[praktio.com/products/precision-training-transactional.html]
[praktio.com/cdn/shop/products/Praktio_Icons_Proofreading_Games_White_1_a653215d-e37d-406a-9a17-5c9dd2183cd1_2048xb538.png]
[praktio.com/products/precision-weekly-litigation.html]
[praktio.com/cdn/shop/products/Praktio_Icons_Proofreading_Games_White_1_ac403ac7-8013-4d0c-b8ab-ea7f01a31720_2048x611e.png]
[praktio.com/products/precision-weekly-transactional.html]
[praktio.com/cdn/shop/products/Praktio_Icons_Proofreading_Games_White_1_836f0941-408c-4041-9eb4-ab1955de2034_2048xfb54.png]
[praktio.com/products/reading-cap-tables.html]
[praktio.com/cdn/shop/products/PraktioIcons_CapTables_White_14e14622-d512-4617-94b8-9ae75b73577b_2048xfe0f.png]
[praktio.com/products/running-useful-redlines.html]
[praktio.com/cdn/shop/products/PraktioIcons_Redlines_White_b2df2b6b-c008-48b3-9e56-a3479a39031a_2048x6599.png]
[praktio.com/products/signature-pages.html]
[praktio.com/cdn/shop/products/PraktioIcons_SignaturePages_White_f445fa22-0f55-489f-9157-571b16b81e6b_2048xd175.png]
[praktio.com/products/writing-useful-emails.html]
[praktio.com/cdn/shop/products/PraktioIcons_WritingBetterEmails_White_2048x3676.png]
[praktio.com/products/workshops.html]
[cdn.shopify.com/s/files/1/0400/7125/files/uses_law_firms_stack6a12.png]
[praktio.com/cdn/shop/t/35/assets/lawbundlesa4bb.js]
[cdn.shopify.com/s/files/1/0400/7125/files/Screen_Shot_2022-08-15_at_4.49.50_PMe0e0.png]
[cdn.shopify.com/s/files/1/0400/7125/files/Missing_Piece_2-039efd.png]
[cdn.shopify.com/s/files/1/0400/7125/files/AP_Logo_RGB9f38.png]
[praktio.com/pages/lawfirms-faq.html]
[cdn.shopify.com/s/files/1/0400/7125/files/Questionsa78e.png]
[cdn.shopify.com/s/files/1/0400/7125/files/Bloom_Headshot_Graye4c7.jpg]
[praktio.com/pages/training-for-first-years.html]
[cdn.shopify.com/s/files/1/0400/7125/files/Praktio_Icons_Writing_Useful_Emails_White8ef6.png]
[cdn.shopify.com/s/files/1/0400/7125/files/Praktio_Icons_Writing_Useful_Emails_Blue8ef6.png]
[cdn.shopify.com/s/files/1/0400/7125/files/Praktio_Icons_Redlines_Whitebd0c.png]
[cdn.shopify.com/s/files/1/0400/7125/files/Praktio_Icons_Redlines_Bluebd0c.png]
[cdn.shopify.com/s/files/1/0400/7125/products/Praktio_Icons_Proofreading_Games_White_1.png]
[cdn.shopify.com/s/files/1/0400/7125/files/Praktio_Icons_Proofreading_Games_2_Blue9cde.png]
[cdn.shopify.com/s/files/1/0400/7125/files/LaptopMockup_Emailsa3a0.png]
[praktio.com/pages/summer-associates.html]
[praktio.com/cdn/shop/products/PraktioIcons_SignaturePages_White_f445fa22-0f55-489f-9157-571b16b81e6b_300xd175.png]
[praktio.com/pages/staff.html]
[cdn.shopify.com/s/files/1/0400/7125/files/Staircase_Transparent_BG_1c383.png]
[praktio.com/cdn/shop/files/ContractingEssentials_White_300x75c5.png]
[praktio.com/cdn/shop/products/PraktioIcons_Workshops_White_400x1a73.png]
[praktio.com/blogs/resources/improving-contract-literacy-praktio-launches-on-demand-course-for-marmon-s-business-professionals.html]
[cdn.shopify.com/s/files/1/0400/7125/files/Laptop_CCE3ec8.png]
[praktio.com/products/commercial-contracts-essentials.html]
[praktio.com/pages/business-roles.html]
[cdn.shopify.com/s/files/1/0400/7125/files/Procurement_Icon_White0f3f.png]
[praktio.com/blogs/resources/press-release-praktio-launches-contracts-course-for-procurement-professionals-with-global-500-company-as-first-customer.html]
[cdn.shopify.com/s/files/1/0400/7125/files/uses_procurement_laptop_mockupd1a7.png]
[praktio.com/products/contracts-for-procurement-professionals.html]
[praktio.com/pages/procurement.html]
[praktio.com/pages/contract-managers.html]
[cdn.shopify.com/s/files/1/0400/7125/files/About_Page_2_2_50f14548-b1ba-4acd-8dbd-319e424e9a7127b8.png]
[cdn.shopify.com/s/files/1/0400/7125/files/headshot-christopher_154fa.png]
[cdn.shopify.com/s/files/1/0400/7125/files/Sean_Headshot_Gray6c58.png]
[cdn.shopify.com/s/files/1/0400/7125/files/Emma_Headshot_Gray9a31.png]
[cdn.shopify.com/s/files/1/0400/7125/files/Michelle_sq_1ff53.png]
[cdn.shopify.com/s/files/1/0400/7125/files/Brown_Larrye879.jpg]
[cdn.shopify.com/s/files/1/0400/7125/files/Buck_Lauren_021115_05_LinkedIn9123.jpg]
[cdn.shopify.com/s/files/1/0400/7125/files/163294331893745d3.jpg]
[cdn.shopify.com/s/files/1/0400/7125/files/Mike_Estell_Headshot33bf.jpg]
[cdn.shopify.com/s/files/1/0400/7125/files/156596907130750bd.jpg]
[cdn.shopify.com/s/files/1/0400/7125/files/Valerie_Henderson_Headshot382c.jpg]
[cdn.shopify.com/s/files/1/0400/7125/files/Pangione_26b89.jpg]
[cdn.shopify.com/s/files/1/0400/7125/files/Chelsey_Parrott-Sheffer_Headshot7f26.jpg]
[cdn.shopify.com/s/files/1/0400/7125/files/Raggio_Sally9612.jpg]
[cdn.shopify.com/s/files/1/0400/7125/files/0_b39de48e-3c9f-483a-8183-e04521b8f1505a6d.jpg]
[cdn.shopify.com/s/files/1/0400/7125/files/Alvarez_Andrewefbc.jpg]
[cdn.shopify.com/s/files/1/0400/7125/files/Bass_Danielle8165.jpg]
[cdn.shopify.com/s/files/1/0400/7125/files/Leah_Duncanb26c.jpg]
[cdn.shopify.com/s/files/1/0400/7125/files/jackson-ryanefbc.jpg]
[cdn.shopify.com/s/files/1/0400/7125/files/Chandler_Headshot2795.jpg]
[cdn.shopify.com/s/files/1/0400/7125/files/Travis_Miller-CCP_8539_231b1.jpg]
[cdn.shopify.com/s/files/1/0400/7125/files/Gertz_Melanie8165.jpg]
[cdn.shopify.com/s/files/1/0400/7125/files/Parmose_Rosaefbc.jpg]
[cdn.shopify.com/s/files/1/0400/7125/files/Samii_2e413.jpg]
[cdn.shopify.com/s/files/1/0400/7125/files/1605631041186_8c0b1034-20dd-44ad-baf4-4051c8a94b48acf0.jpg]
[cdn.shopify.com/s/files/1/0400/7125/files/Smercina_Kellyefbc.jpg]
[cdn.shopify.com/s/files/1/0400/7125/files/msteinberg-1c455.png]
[cdn.shopify.com/s/files/1/0400/7125/files/Tierman-Max-1776Ed90b.png]
[praktio.com/pages/about-us.html]
[praktio.com/blogs/resources/OPR/index.html]
[praktio.com/cdn/shop/articles/How_Goodwin_is_Preparing_Associates_for_the_GenAI_Era_84ea2544-69cd-4c69-ab83-f87c114d8f77_2048xb6ec.png]
[praktio.com/cdn/shop/articles/How_Goodwin_is_Preparing_Associates_for_the_GenAI_Era_84ea2544-69cd-4c69-ab83-f87c114d8f77_300xb6ec.png]
[praktio.com/blogs/resources.html]
[cdn.shopify.com/s/files/1/0400/7125/files/Goodwin_FitnessGenie_480x48037dd.png]
[praktio.com/blogs/resources/beyond-traditional-learning-how-goodwin-is-preparing-associates-for-the-genai-era.html]
[js.hsforms.net/forms/shell.js]
[cdn.shopify.com/s/files/1/0400/7125/files/Contact_Pageaf59.png]
[praktio.com/pages/contact-us.html]
[cdn.shopify.com/s/files/1/0400/7125/files/Offerings_-_3a512.png]
[praktio.com/pages/opportunities.html]
[praktio.com/pages/terms-of-service.html]
[praktio.com/cdn/shop/t/35/assets/h/cdn/shop/files/star-black-shape-in-a-circle-outline-favourite-interface-symbol_2.html]
[praktio.com/cdn/shop/t/13/assets/select31b9.html]
[praktio.com/cdn/shop/t/13/assets/loader9660.html]
[praktio.com/cdn/shop/t/13/assets/blank0356.html]
[praktio.com/cdn/shop/t/35/assets/ootsb784f.svg]
[praktio.com/pages/OPR/index.html]
[praktio.com/cart/add7880.html]
[praktio.com/cart/add9bc9.html]
[praktio.com/cdn/shop/articles/ElearningArticle4_fb24feee-cc73-4556-9034-4e9fc2127942_2048xf92d.png]
[praktio.com/cdn/shop/articles/ElearningArticle4_fb24feee-cc73-4556-9034-4e9fc2127942_300xf92d.png]
[praktio.com/blogs/resources/how-to-get-first-years-engaged-with-e-learning.html]
[praktio.com/products/OPR/index.html]
[praktio.com/cdn/shop/files/ClosingChecklist_white_300x74ff.png]
[cdn.shopify.com/s/files/1/0400/7125/files/Embed_Module_Frame_update0acd.png]
[cdn.shopify.com/s/files/1/0400/7125/files/ClosingChecklist_Screenshot1e050.png]
[cdn.shopify.com/s/files/1/0400/7125/files/ClosingChecklist_Screenshot2e050.png]
[cdn.shopify.com/s/files/1/0400/7125/files/ClosingChecklist_Screenshot3e050.png]
[cdn.shopify.com/s/files/1/0400/7125/files/ClosingChecklist_Screenshot4e050.png]
[cdn.shopify.com/s/files/1/0400/7125/files/ClosingChecklist_Screenshot5e050.png]
[praktio.com/cdn/shop/products/PraktioIcons_Workshops_White_2048x1a73.png]
[praktio.com/products/closing-checklists.html]
[praktio.com/cdn/shop/products/PraktioIcons_ConfidentialityAgreements_White_300xfe5e.png]
[praktio.com/products/confidentiality-agreements-teams.html]
[cdn.shopify.com/s/files/1/0400/7125/files/Screen_Shot_2022-08-15_at_11.36.24_AM8a9d.png]
[cdn.shopify.com/s/files/1/0400/7125/files/Screen_Shot_2022-08-15_at_11.40.09_AM9c0b.png]
[cdn.shopify.com/s/files/1/0400/7125/files/Screen_Shot_2022-08-15_at_11.41.59_AM2efc.png]
[cdn.shopify.com/s/files/1/0400/7125/files/Screen_Shot_2022-08-15_at_11.43.07_AM9f3e.png]
[cdn.shopify.com/s/files/1/0400/7125/files/Screen_Shot_2022-08-15_at_11.44.17_AM394d.png]
[cdn.shopify.com/s/files/1/0400/7125/files/Screen_Shot_2022-08-15_at_11.45.19_AM15a2.png]
[cdn.shopify.com/s/files/1/0400/7125/files/Screen_Shot_2022-08-15_at_11.46.31_AMebc6.png]
[cdn.shopify.com/s/files/1/0400/7125/files/Discussion_Bubbles_CA_Q_A8ac7.png]
[praktio.com/pages/confidentiality-agreements-q-a.html]
[praktio.com/products/confidentiality-agreements.html]
[praktio.com/cdn/shop/products/Praktio_Icons_Contract_Fundamentals_White_25d8c754-92cf-4e7a-b8e9-bf34fae3bc73_300xe329.png]
[cdn.shopify.com/s/files/1/0400/7125/files/Screen_Shot_2022-08-15_at_11.53.04_AMa3fc.png]
[cdn.shopify.com/s/files/1/0400/7125/files/Screen_Shot_2022-08-15_at_11.59.44_AM4d2b.png]
[cdn.shopify.com/s/files/1/0400/7125/files/Screen_Shot_2022-08-15_at_12.00.43_PMe646.png]
[praktio.com/products/contract-fundamentals.html]
[praktio.com/cdn/shop/products/PraktioIcons_DisclosureSchedules_White_1e708d16-72c6-466a-968e-4815003ebdae_300x62d8.png]
[cdn.shopify.com/s/files/1/0400/7125/files/Screen_Shot_2022-08-15_at_4.25.07_PM100b.png]
[cdn.shopify.com/s/files/1/0400/7125/files/Screen_Shot_2022-08-15_at_4.26.19_PMb342.png]
[cdn.shopify.com/s/files/1/0400/7125/files/Screen_Shot_2022-08-15_at_4.27.23_PMfcbe.png]
[cdn.shopify.com/s/files/1/0400/7125/files/Screen_Shot_2022-08-15_at_4.28.31_PM2785.png]
[cdn.shopify.com/s/files/1/0400/7125/files/Screen_Shot_2022-08-15_at_4.29.31_PMc3c6.png]
[cdn.shopify.com/s/files/1/0400/7125/files/Screen_Shot_2022-08-15_at_4.31.02_PM7121.png]
[cdn.shopify.com/s/files/1/0400/7125/files/Screen_Shot_2022-08-15_at_4.32.01_PMaa4e.png]
[praktio.com/products/disclosure-schedules.html]
[praktio.com/cdn/shop/products/PraktioIcons_Diligence_White_300xde99.png]
[cdn.shopify.com/s/files/1/0400/7125/files/Screen_Shot_2022-08-15_at_4.38.32_PM9ee9.png]
[cdn.shopify.com/s/files/1/0400/7125/files/Screen_Shot_2022-08-15_at_4.39.35_PM79a2.png]
[cdn.shopify.com/s/files/1/0400/7125/files/Screen_Shot_2022-08-15_at_4.40.24_PMe293.png]
[cdn.shopify.com/s/files/1/0400/7125/files/Screen_Shot_2022-08-15_at_4.48.04_PM7c0d.png]
[cdn.shopify.com/s/files/1/0400/7125/files/Screen_Shot_2022-08-15_at_4.49.44_PMe0e0.png]
[cdn.shopify.com/s/files/1/0400/7125/files/due_diligence_icon_screenshot32d6.png]
[cdn.shopify.com/s/files/1/0400/7125/files/due_diligence_screenshot_stack_12247.png]
[praktio.com/products/doing-due-diligence.html]
[praktio.com/cdn/shop/products/ForceMajeure_300x621c.png]
[cdn.shopify.com/s/files/1/0400/7125/files/Screen_Shot_2022-08-15_at_5.09.09_PMc72e.png]
[cdn.shopify.com/s/files/1/0400/7125/files/Screen_Shot_2022-08-15_at_5.15.45_PMd486.png]
[cdn.shopify.com/s/files/1/0400/7125/files/Screen_Shot_2022-08-15_at_5.21.50_PMd74a.png]
[cdn.shopify.com/s/files/1/0400/7125/files/Screen_Shot_2022-08-15_at_5.22.02_PM1641.png]
[praktio.com/products/force-majeure.html]
[praktio.com/cdn/shop/products/PraktioIcons_OrganizingBetterBriefs_WhiteonBlue_300xd33d.png]
[cdn.shopify.com/s/files/1/0400/7125/files/Ready_to_File_Writing_Logoed6a.png]
[cdn.shopify.com/s/files/1/0400/7125/files/15533808877690e68.jpg]
[cdn.shopify.com/s/files/1/0400/7125/files/Screen_Shot_2022-08-15_at_5.24.13_PMe355.png]
[cdn.shopify.com/s/files/1/0400/7125/files/Screen_Shot_2022-08-15_at_5.25.17_PM25b9.png]
[cdn.shopify.com/s/files/1/0400/7125/files/Screen_Shot_2022-08-15_at_5.26.16_PM76f3.png]
[cdn.shopify.com/s/files/1/0400/7125/files/Screen_Shot_2022-08-15_at_5.27.13_PM08e2.png]
[cdn.shopify.com/s/files/1/0400/7125/files/Screen_Shot_2022-08-15_at_5.28.36_PM7a76.png]
[cdn.shopify.com/s/files/1/0400/7125/files/Screen_Shot_2022-08-15_at_5.29.41_PM747d.png]
[cdn.shopify.com/s/files/1/0400/7125/files/Screen_Shot_2022-08-15_at_5.30.25_PM7b5d.png]
[praktio.com/products/organize-better-briefs.html]
[praktio.com/cdn/shop/products/Praktio_Icons_Proofreading_Games_White_1_300x9ff2.png]
[cdn.shopify.com/s/files/1/0400/7125/files/Screen_Shot_2022-08-15_at_5.31.31_PM3981.png]
[cdn.shopify.com/s/files/1/0400/7125/files/Screen_Shot_2022-08-15_at_5.33.35_PM7fbb.png]
[cdn.shopify.com/s/files/1/0400/7125/files/Screen_Shot_2022-08-15_at_5.34.38_PMf0e3.png]
[praktio.com/products/precision-training-litigation.html]
[praktio.com/cdn/shop/products/Praktio_Icons_Proofreading_Games_White_1_a653215d-e37d-406a-9a17-5c9dd2183cd1_300xb538.png]
[cdn.shopify.com/s/files/1/0400/7125/files/Screen_Shot_2022-08-15_at_5.39.59_PM613e.png]
[cdn.shopify.com/s/files/1/0400/7125/files/Screen_Shot_2022-08-15_at_5.44.58_PMa40e.png]
[cdn.shopify.com/s/files/1/0400/7125/files/Screen_Shot_2022-08-15_at_5.45.54_PM2bcd.png]
[praktio.com/products/precision-training-transactional.html]
[praktio.com/cdn/shop/products/Praktio_Icons_Proofreading_Games_White_1_ac403ac7-8013-4d0c-b8ab-ea7f01a31720_300x611e.png]
[cdn.shopify.com/s/files/1/0400/7125/files/Screen_Shot_2022-08-15_at_5.55.07_PM48e1.png]
[cdn.shopify.com/s/files/1/0400/7125/files/Screen_Shot_2022-08-15_at_5.58.25_PM72f5.png]
[cdn.shopify.com/s/files/1/0400/7125/files/Screen_Shot_2022-08-15_at_6.00.23_PMf553.png]
[praktio.com/products/precision-weekly-litigation.html]
[praktio.com/cdn/shop/products/Praktio_Icons_Proofreading_Games_White_1_836f0941-408c-4041-9eb4-ab1955de2034_300xfb54.png]
[cdn.shopify.com/s/files/1/0400/7125/files/Screen_Shot_2022-08-15_at_6.10.22_PMa23e.png]
[cdn.shopify.com/s/files/1/0400/7125/files/Screen_Shot_2022-08-15_at_6.11.55_PM2759.png]
[cdn.shopify.com/s/files/1/0400/7125/files/Screen_Shot_2022-08-15_at_6.12.55_PMa566.png]
[praktio.com/products/precision-weekly-transactional.html]
[praktio.com/cdn/shop/products/PraktioIcons_CapTables_White_14e14622-d512-4617-94b8-9ae75b73577b_300xfe0f.png]
[cdn.shopify.com/s/files/1/0400/7125/files/Pulley_logo_green_large_c2189033-19b6-40a3-aa05-1b2075898a642fa1.png]
[cdn.shopify.com/s/files/1/0400/7125/files/Screen_Shot_2022-08-15_at_6.14.26_PM37d7.png]
[cdn.shopify.com/s/files/1/0400/7125/files/Screen_Shot_2022-08-15_at_6.15.35_PM29d9.png]
[cdn.shopify.com/s/files/1/0400/7125/files/Screen_Shot_2022-08-15_at_6.16.22_PM57b9.png]
[cdn.shopify.com/s/files/1/0400/7125/files/Screen_Shot_2022-08-15_at_6.21.18_PM1081.png]
[cdn.shopify.com/s/files/1/0400/7125/files/Screen_Shot_2022-08-15_at_6.24.13_PM7ffe.png]
[cdn.shopify.com/s/files/1/0400/7125/files/Screen_Shot_2022-08-15_at_6.25.30_PMa895.png]
[cdn.shopify.com/s/files/1/0400/7125/files/Screen_Shot_2022-08-15_at_6.26.33_PMf591.png]
[praktio.com/products/reading-cap-tables.html]
[praktio.com/cdn/shop/products/PraktioIcons_Redlines_White_b2df2b6b-c008-48b3-9e56-a3479a39031a_300x6599.png]
[cdn.shopify.com/s/files/1/0400/7125/files/Screen_Shot_2022-08-15_at_6.29.13_PM9267.png]
[cdn.shopify.com/s/files/1/0400/7125/files/Screen_Shot_2022-08-15_at_6.31.23_PM7e4c.png]
[cdn.shopify.com/s/files/1/0400/7125/files/Screen_Shot_2022-08-15_at_6.32.16_PM1051.png]
[cdn.shopify.com/s/files/1/0400/7125/files/Screen_Shot_2022-08-15_at_6.33.21_PM28aa.png]
[cdn.shopify.com/s/files/1/0400/7125/files/Screen_Shot_2022-08-15_at_6.38.35_PM2c61.png]
[cdn.shopify.com/s/files/1/0400/7125/files/Screen_Shot_2022-08-15_at_6.39.20_PM4452.png]
[praktio.com/products/running-useful-redlines.html]
[cdn.shopify.com/s/files/1/0400/7125/files/Screen_Shot_2022-08-15_at_6.44.44_PMba37.png]
[cdn.shopify.com/s/files/1/0400/7125/files/Screen_Shot_2022-08-15_at_6.50.36_PMb3b8.png]
[cdn.shopify.com/s/files/1/0400/7125/files/Screen_Shot_2022-08-15_at_6.46.59_PM06a6.png]
[cdn.shopify.com/s/files/1/0400/7125/files/Screen_Shot_2022-08-15_at_6.51.30_PM4f77.png]
[praktio.com/products/signature-pages.html]
[praktio.com/cdn/shop/products/PraktioIcons_WritingBetterEmails_White_300x3676.png]
[cdn.shopify.com/s/files/1/0400/7125/files/Screen_Shot_2022-08-15_at_6.54.22_PM1714.png]
[cdn.shopify.com/s/files/1/0400/7125/files/Screen_Shot_2022-08-15_at_6.55.31_PMd8de.png]
[cdn.shopify.com/s/files/1/0400/7125/files/Screen_Shot_2022-08-15_at_6.56.29_PMcb98.png]
[cdn.shopify.com/s/files/1/0400/7125/files/Screen_Shot_2022-08-15_at_6.57.16_PM2198.png]
[cdn.shopify.com/s/files/1/0400/7125/files/Screen_Shot_2022-08-15_at_6.57.23_PM2198.png]
[praktio.com/products/writing-useful-emails.html]
[praktio.com/pages/lawfirms-faq.html]
[praktio.com/cdn/shop/articles/Thumb_CCElaunch_2048x5098.png]
[praktio.com/cdn/shop/articles/Thumb_CCElaunch_300x5098.png]
[cdn.shopify.com/s/files/1/0400/7125/files/LaptopMockup_CCE_Indemnification_lgbbe1.png]
[cdn.shopify.com/s/files/1/0400/7125/files/LaptopMockup_CCE_Indemnification_lg_480x480bbe1.png]
[praktio.com/blogs/resources/improving-contract-literacy-praktio-launches-on-demand-course-for-marmon-s-business-professionals.html]
[cdn.shopify.com/s/files/1/0400/7125/files/CCE_1d22c.png]
[cdn.shopify.com/s/files/1/0400/7125/files/CCE_2664d.png]
[cdn.shopify.com/s/files/1/0400/7125/files/CCE_30594.png]
[cdn.shopify.com/s/files/1/0400/7125/files/CCE_4c46b.png]
[cdn.shopify.com/s/files/1/0400/7125/files/CCE_5b840.png]
[praktio.com/products/commercial-contracts-essentials.html]
[praktio.com/cdn/shop/articles/thumb_procurmenet_2048x67b8.png]
[praktio.com/cdn/shop/articles/thumb_procurmenet_300x67b8.png]
[praktio.com/blogs/resources/press-release-praktio-launches-contracts-course-for-procurement-professionals-with-global-500-company-as-first-customer.html]
[praktio.com/cdn/shop/products/PraktioIcons_Procurement_White_300xe5f1.png]
[cdn.shopify.com/s/files/1/0400/7125/files/Screen_Shot_2022-08-15_at_12.28.50_PM8570.png]
[cdn.shopify.com/s/files/1/0400/7125/files/Screen_Shot_2022-08-15_at_12.42.39_PM4b1b.png]
[cdn.shopify.com/s/files/1/0400/7125/files/Screen_Shot_2022-08-15_at_12.44.41_PMb314.png]
[cdn.shopify.com/s/files/1/0400/7125/files/Screen_Shot_2022-08-15_at_12.51.39_PM4c13.png]
[cdn.shopify.com/s/files/1/0400/7125/files/Screen_Shot_2022-08-15_at_1.08.05_PMf553.png]
[cdn.shopify.com/s/files/1/0400/7125/files/Screen_Shot_2022-08-15_at_1.09.30_PMb3b6.png]
[cdn.shopify.com/s/files/1/0400/7125/files/Screen_Shot_2022-08-15_at_1.11.01_PMb90f.png]
[praktio.com/products/contracts-for-procurement-professionals.html]
[praktio.com/blogs/resources/OPR/index.html]
[praktio.com/blogs/OPR/index.html]
[praktio.com/blogs/resources/e-learning-in-action-insights-from-the-forefront-of-first-year-training.html]
[praktio.com/cdn/shop/articles/Thumb_elearningImplementationc1cc.png]
[praktio.com/cdn/shop/articles/How_Goodwin_is_Preparing_Associates_for_the_GenAI_Era_84ea2544-69cd-4c69-ab83-f87c114d8f77b6ec.png]
[praktio.com/cdn/shop/articles/Thumb_CCElaunch5098.png]
[praktio.com/cdn/shop/articles/ElearningArticle4_fb24feee-cc73-4556-9034-4e9fc2127942f92d.png]
[praktio.com/cdn/shop/articles/thumb_procurmenet67b8.png]
[praktio.com/blogs/resources.html]
[praktio.com/products/confidentiality-agreements-teams10e7.html]
[praktio.com/cdn/shop/products/PraktioIcons_ConfidentialityAgreements_White_4b65e93f-7145-42d7-9e8d-7f7cdf7256fc_410x81b9.png]
[praktio.com/products/closing-checklists-for-teams7276.html]
[praktio.com/cdn/shop/files/ClosingChecklist_white_55534b49-247e-4a8a-9cc3-7d15c56245ed_410x440f.png]
[praktio.com/products/confidentiality-agreements-teams.html]
[cdn.shopify.com/s/files/1/0400/7125/files/CA-Flippedd872.png]
[cdn.shopify.com/s/files/1/0400/7125/files/Sogoala287.png]
[cdn.shopify.com/s/files/1/0400/7125/files/Billa287.png]
[cdn.shopify.com/s/files/1/0400/7125/files/Melaniea287.png]
[cdn.shopify.com/s/files/1/0400/7125/files/Milesa287.png]
[praktio.com/pages/confidentiality-agreements-q-a.html]
[storage.googleapis.com/praktio/DirectRelief_Logo_RGB.png]
[praktio.com/blogs/OPR/index.html]
[praktio.com/products/contracts-for-procurement-professionals-teams3738.html]
[praktio.com/cdn/shop/products/PraktioIcons_Procurement_White_dc404a58-3c1d-4482-adcc-8b486b8d89b4_410xf7ca.png]
[praktio.com/products/commercial-contracts-essentials-teamsbc5f.html]
[praktio.com/cdn/shop/files/ContractingEssentials_White_da10066f-a861-4b22-a448-3f9f310e96d9_410xa84d.png]
[praktio.com/products/writing-useful-emails-for-teams0e89.html]
[praktio.com/cdn/shop/products/PraktioIcons_WritingBetterEmails_White_59718161-aab5-47fa-a753-347b7ba5aba8_410x58aa.png]
[praktio.com/products/signature-pages-for-teamsc262.html]
[praktio.com/cdn/shop/products/PraktioIcons_SignaturePages_White_410xa975.png]
[praktio.com/products/running-useful-redlines-teams485c.html]
[praktio.com/cdn/shop/products/PraktioIcons_Redlines_White_410x0a90.png]
[praktio.com/products/reading-cap-tables-for-teamsf893.html]
[praktio.com/cdn/shop/products/PraktioIcons_CapTables_White_410xcd4b.png]
[praktio.com/products/precision-weekly-transactional-teams5e3f.html]
[praktio.com/cdn/shop/products/Praktio_Icons_Proofreading_Games_White_1_56b80986-1e0b-4ac9-bb5e-6f875b339ec1_410xb6a3.png]
[praktio.com/products/precision-weekly-litigation-teams6ff9.html]
[praktio.com/cdn/shop/products/Praktio_Icons_Proofreading_Games_White_1_832a488e-076a-42c4-aad1-ee4e9764a5ad_410x00ff.png]
[praktio.com/products/precision-training-transactional-teams264e.html]
[praktio.com/cdn/shop/products/Praktio_Icons_Proofreading_Games_White_1_9c73a48f-39b9-4a59-a02e-c6fad218751b_410x1392.png]
[praktio.com/products/precision-training-litigation-teams6382.html]
[praktio.com/cdn/shop/products/Praktio_Icons_Proofreading_Games_White_1_c4b5c65f-b4c4-427e-8cf9-d976be2a5c4c_410xabc9.png]
[praktio.com/products/organize-better-briefs-teams0f11.html]
[praktio.com/cdn/shop/products/PraktioIcons_OrganizingBetterBriefs_WhiteonBlue_c5e960b8-4eed-4ab1-b873-ca29bfc1f088_410x0352.png]
[praktio.com/products/force-majeure-teams3cc7.html]
[praktio.com/cdn/shop/products/ForceMajeure_39900044-b242-4188-86ab-67e3f5f0c22a_410xadc9.png]
[praktio.com/products/doing-due-diligence-teams84a5.html]
[praktio.com/cdn/shop/products/PraktioIcons_Diligence_White_f337f1e8-89f1-49d3-abab-787f6b0b9da9_410xf586.png]
[praktio.com/products/disclosure-schedules-for-teamsc5c6.html]
[praktio.com/cdn/shop/products/PraktioIcons_DisclosureSchedules_White_410xb7d1.png]
[praktio.com/products/contract-fundamentals-teams6460.html]
[praktio.com/cdn/shop/products/Praktio_Icons_Contract_Fundamentals_White_6727c7c7-8b0e-46e3-baeb-c9cc98644a6c_410x9225.png]
[praktio.com/cdn/shop/articles/Thumb_elearningImplementation_2048xc1cc.png]
[praktio.com/cdn/shop/articles/Thumb_elearningImplementation_300xc1cc.png]
[praktio.com/blogs/resources/e-learning-in-action-insights-from-the-forefront-of-first-year-training.html]
[praktio.com/products/confidentiality-agreements-teams10e7.html]
[praktio.com/products/closing-checklists-for-teams.html]
[praktio.com/products/closing-checklists-for-teams7276.html]
[praktio.com/products/contracts-for-procurement-professionals-teams.html]
[praktio.com/products/contracts-for-procurement-professionals-teams3738.html]
[praktio.com/products/commercial-contracts-essentials-teams.html]
[praktio.com/products/commercial-contracts-essentials-teamsbc5f.html]
[praktio.com/products/writing-useful-emails-for-teams.html]
[praktio.com/products/writing-useful-emails-for-teams0e89.html]
[praktio.com/products/signature-pages-for-teams.html]
[praktio.com/products/signature-pages-for-teamsc262.html]
[praktio.com/products/running-useful-redlines-teams.html]
[praktio.com/products/running-useful-redlines-teams485c.html]
[praktio.com/products/reading-cap-tables-for-teams.html]
[praktio.com/products/reading-cap-tables-for-teamsf893.html]
[praktio.com/products/precision-weekly-transactional-teams.html]
[praktio.com/products/precision-weekly-transactional-teams5e3f.html]
[praktio.com/products/precision-weekly-litigation-teams.html]
[praktio.com/products/precision-weekly-litigation-teams6ff9.html]
[praktio.com/products/precision-training-transactional-teams.html]
[praktio.com/products/precision-training-transactional-teams264e.html]
[praktio.com/products/precision-training-litigation-teams.html]
[praktio.com/products/precision-training-litigation-teams6382.html]
[praktio.com/products/organize-better-briefs-teams.html]
[praktio.com/products/organizing-better-briefs]
[praktio.com/products/organize-better-briefs-teams0f11.html]
[praktio.com/products/force-majeure-teams.html]
[praktio.com/products/force-majeure-teams3cc7.html]
[praktio.com/products/doing-due-diligence-teams.html]
[praktio.com/products/doing-due-diligence-teams84a5.html]
[praktio.com/products/disclosure-schedules-for-teams.html]
[praktio.com/products/disclosure-schedules-for-teamsc5c6.html]
[praktio.com/products/contract-fundamentals-teams.html]
[praktio.com/products/contract-fundamentals-teams6460.html]
[praktio.com/products/closing-checklists-for-teams.html]
[praktio.com/products/contracts-for-procurement-professionals-teams.html]
[praktio.com/products/commercial-contracts-essentials-teams.html]
[praktio.com/products/writing-useful-emails-for-teams.html]
[praktio.com/products/signature-pages-for-teams.html]
[praktio.com/products/running-useful-redlines-teams.html]
[praktio.com/products/reading-cap-tables-for-teams.html]
[praktio.com/products/precision-weekly-transactional-teams.html]
[praktio.com/products/precision-weekly-litigation-teams.html]
[praktio.com/products/precision-training-transactional-teams.html]
[praktio.com/products/precision-training-litigation-teams.html]
[praktio.com/products/organize-better-briefs-teams.html]
[praktio.com/products/organizing-better-briefs.html]
[praktio.com/products/force-majeure-teams.html]
[praktio.com/products/doing-due-diligence-teams.html]
[praktio.com/products/disclosure-schedules-for-teams.html]
[praktio.com/products/contract-fundamentals-teams.html]
